// Jest Snapshot v1, https://goo.gl/fbAQLP

exports[`App renders App correctly 1`] = `
<Fragment>
  <h1>
    Gift Giver
  </h1>
  <div
    className="gift-list"
  />
  <Button
    active={false}
    className="btn-add"
    disabled={false}
    onClick={[Function]}
    type="button"
    variant="primary"
  >
    Add Gift
  </Button>
</Fragment>
`;
